// Jest Snapshot v1, https://goo.gl/fbAQLP

exports[`render DescriptionDetail 1`] = `
<div>
  <div>
    <div
      class="item-description"
    >
      <div
        class="title-description"
      >
        Marca
      </div>
      <div
        class="value-description"
      >
        Alcatel
      </div>
    </div>
    <div
      class="item-description"
    >
      <div
        class="title-description"
      >
        Modelo
      </div>
      <div
        class="value-description"
      >
        Liquid Z6 Plus
      </div>
    </div>
    <div
      class="item-description"
    >
      <div
        class="title-description"
      >
        Precio
      </div>
      <div
        class="value-description"
      >
        220
      </div>
    </div>
    <div
      class="item-description"
    >
      <div
        class="title-description"
      >
        CPU
      </div>
      <div
        class="value-description"
      >
        Alcatel
      </div>
    </div>
    <div
      class="item-description"
    >
      <div
        class="title-description"
      >
        RAM
      </div>
      <div
        class="value-description"
      >
        Octa-core 1.3 GHz Cortex-A53
      </div>
    </div>
    <div
      class="item-description"
    >
      <div
        class="title-description"
      >
        Sistema operativo
      </div>
      <div
        class="value-description"
      />
    </div>
    <div
      class="item-description"
    >
      <div
        class="title-description"
      >
        Resolucion
      </div>
      <div
        class="value-description"
      >
        5.5 inches 
      </div>
    </div>
    <div
      class="item-description"
    >
      <div
        class="title-description"
      >
        Batería
      </div>
      <div
        class="value-description"
      >
        Removable Li-Po 4080 mAh battery
      </div>
    </div>
    <div
      class="item-description"
    >
      <div
        class="title-description"
      >
        Cámara principal
      </div>
      <div
        class="value-description"
      >
        13 MPautofocusLED flash
      </div>
    </div>
    <div
      class="item-description"
    >
      <div
        class="title-description"
      >
        Cámara secundaria
      </div>
      <div
        class="value-description"
      >
        5 MP
      </div>
    </div>
    <div
      class="item-description"
    >
      <div
        class="title-description"
      >
        Cámara secundaria
      </div>
      <div
        class="value-description"
      >
        5 MP
      </div>
    </div>
    <div
      class="item-description"
    >
      <div
        class="title-description"
      >
        Dimensiones
      </div>
      <div
        class="value-description"
      >
        153.8 x 75.6 x 8.5 mm (6.06 x 2.98 x 0.33 in)
      </div>
    </div>
    <div
      class="item-description"
    >
      <div
        class="title-description"
      >
        Peso
      </div>
      <div
        class="value-description"
      >
        169
      </div>
    </div>
  </div>
</div>
`;
